// Jest Snapshot v1, https://goo.gl/fbAQLP

exports[`<Button/> Should render 1`] = `
<div>
  <span />
</div>
`;
